// Jest Snapshot v1, https://goo.gl/fbAQLP

exports[`App renders correctly 1`] = `
<SafeAreaView
  forceInset={
    Object {
      "bottom": "never",
    }
  }
  style={
    Object {
      "backgroundColor": "white",
      "flex": 1,
    }
  }
/>
`;
