// Jest Snapshot v1, https://goo.gl/fbAQLP

exports[`AppProvider withApp HOC renders correctly 1`] = `null`;
